// Jest Snapshot v1, https://goo.gl/fbAQLP

exports[`fazer novamente 1`] = `
<View
  onLayout={[Function]}
  style={
    Array [
      Object {
        "flex": 1,
      },
      undefined,
    ]
  }
>
  <View
    onMoveShouldSetResponder={[Function]}
    onMoveShouldSetResponderCapture={[Function]}
    onResponderEnd={[Function]}
    onResponderGrant={[Function]}
    onResponderMove={[Function]}
    onResponderReject={[Function]}
    onResponderRelease={[Function]}
    onResponderStart={[Function]}
    onResponderTerminate={[Function]}
    onResponderTerminationRequest={[Function]}
    onStartShouldSetResponder={[Function]}
    onStartShouldSetResponderCapture={[Function]}
    style={
      Object {
        "flex": 1,
        "flexDirection": "column-reverse",
      }
    }
  >
    <View
      style={
        Object {
          "flex": 1,
        }
      }
    >
      <View
        pointerEvents="auto"
        style={
          Object {
            "backgroundColor": "#E9E9EF",
            "bottom": 0,
            "left": 0,
            "opacity": 1,
            "position": "absolute",
            "right": 0,
            "shadowColor": "black",
            "shadowOffset": Object {
              "height": 0,
              "width": 0,
            },
            "shadowOpacity": 0.4,
            "shadowRadius": 10,
            "top": 0,
            "transform": Array [
              Object {
                "translateX": 0,
              },
              Object {
                "translateY": 0,
              },
            ],
          }
        }
      >
        <View
          style={
            Object {
              "flex": 1,
            }
          }
        >
          <View
            style={
              Object {
                "flex": 1,
                "marginBottom": 133.4,
                "marginTop": 133.4,
              }
            }
          >
            <Image
              source={
                Object {
                  "uri": "http://d23dyxeqlo5psv.cloudfront.net/cat.gif",
                }
              }
              style={
                Object {
                  "alignSelf": "center",
                  "height": 200,
                  "marginBottom": 10,
                  "marginTop": 5,
                  "width": 200,
                }
              }
            />
            <View
              style={
                Object {
                  "marginBottom": 10,
                  "marginLeft": 20,
                  "marginRight": 20,
                  "marginTop": 10,
                }
              }
            >
              <View
                style={
                  Object {
                    "borderBottomColor": "purple",
                    "borderBottomWidth": 1,
                  }
                }
              >
                <TextInput
                  onChangeText={[Function]}
                  placeholder="Email"
                  style={
                    Object {
                      "borderWidth": 0,
                      "height": 40,
                    }
                  }
                  underlineColorAndroid="transparent"
                />
              </View>
              <View
                style={
                  Object {
                    "borderBottomColor": "purple",
                    "borderBottomWidth": 1,
                  }
                }
              >
                <TextInput
                  onChangeText={[Function]}
                  placeholder="Senha"
                  style={
                    Object {
                      "borderWidth": 0,
                      "height": 40,
                    }
                  }
                  underlineColorAndroid="transparent"
                />
              </View>
            </View>
            <Text
              accessible={true}
              allowFontScaling={true}
              ellipsizeMode="tail"
              onPress={[Function]}
              style={
                Object {
                  "alignItems": "center",
                  "alignSelf": "center",
                  "color": "blue",
                  "fontSize": 14,
                  "padding": 5,
                }
              }
            >
              Login
            </Text>
            <View
              style={
                Object {
                  "alignItems": "center",
                  "alignSelf": "center",
                  "backgroundColor": "#2A49A5",
                  "borderRadius": 5,
                  "height": 40,
                  "marginBottom": 7,
                  "padding": 8,
                  "width": 300,
                }
              }
            >
              <Text
                accessible={true}
                allowFontScaling={true}
                ellipsizeMode="tail"
                style={
                  Object {
                    "color": "#fff",
                    "fontSize": 16,
                    "fontWeight": "bold",
                  }
                }
              >
                Login com Facebook
              </Text>
            </View>
            <View
              style={
                Object {
                  "alignItems": "center",
                  "alignSelf": "center",
                  "backgroundColor": "#EA4335",
                  "borderRadius": 5,
                  "height": 40,
                  "marginBottom": 7,
                  "padding": 8,
                  "width": 300,
                }
              }
            >
              <Text
                accessible={true}
                allowFontScaling={true}
                ellipsizeMode="tail"
                style={
                  Object {
                    "color": "#fff",
                    "fontSize": 16,
                    "fontWeight": "bold",
                  }
                }
              >
                Login com Google
              </Text>
            </View>
          </View>
          <View
            style={
              Object {
                "alignItems": "baseline",
                "flexDirection": "row",
                "justifyContent": "space-between",
              }
            }
          >
            <Text
              accessible={true}
              allowFontScaling={true}
              ellipsizeMode="tail"
              onPress={[Function]}
              style={
                Object {
                  "color": "blue",
                  "fontSize": 14,
                  "marginTop": 5,
                  "padding": 5,
                }
              }
            >
              NÃ£o sou Cadastrado
            </Text>
            <Text
              accessible={true}
              allowFontScaling={true}
              ellipsizeMode="tail"
              onPress={[Function]}
              style={
                Object {
                  "color": "blue",
                  "fontSize": 14,
                  "marginTop": 5,
                  "padding": 5,
                }
              }
            >
              Esqueci Senha
            </Text>
          </View>
        </View>
      </View>
    </View>
    <View
      cardStyle={undefined}
      getScreenDetails={[Function]}
      headerMode={undefined}
      index={0}
      layout={
        Object {
          "height": 0,
          "initHeight": 0,
          "initWidth": 0,
          "isMeasured": false,
          "width": 0,
        }
      }
      mode="float"
      navigation={
        Object {
          "dispatch": [Function],
          "goBack": [Function],
          "navigate": [Function],
          "setParams": [Function],
          "state": Object {
            "index": 0,
            "routes": Array [
              Object {
                "key": "Init-id-1498310991108-0",
                "routeName": "Login",
              },
            ],
          },
        }
      }
      router={
        Object {
          "getActionForPathAndParams": [Function],
          "getComponentForRouteName": [Function],
          "getComponentForState": [Function],
          "getPathAndParamsForState": [Function],
          "getScreenConfig": [Function],
          "getScreenOptions": [Function],
          "getStateForAction": [Function],
        }
      }
      style={
        Object {
          "backgroundColor": "#EFEFF2",
          "elevation": 4,
          "height": 64,
          "paddingTop": 20,
          "shadowColor": "black",
          "shadowOffset": Object {
            "height": 0.5,
          },
          "shadowOpacity": 0.1,
          "shadowRadius": 0.5,
        }
      }
      transitionConfig={undefined}
    >
      <View
        style={
          Object {
            "flex": 1,
          }
        }
      >
        <View
          style={
            Array [
              Object {
                "bottom": 0,
                "left": 0,
                "position": "absolute",
                "right": 0,
                "top": 0,
              },
              Object {
                "flexDirection": "row",
              },
            ]
          }
        >
          <View
            pointerEvents="box-none"
            style={
              Object {
                "alignItems": "center",
                "backgroundColor": "transparent",
                "bottom": 0,
                "justifyContent": "center",
                "left": 70,
                "opacity": 1,
                "position": "absolute",
                "right": 70,
                "top": 0,
                "transform": Array [
                  Object {
                    "translateX": 0,
                  },
                ],
              }
            }
          >
            <Text
              accessibilityTraits="header"
              accessible={true}
              allowFontScaling={true}
              ellipsizeMode="tail"
              numberOfLines={1}
              onLayout={[Function]}
              style={
                Array [
                  Object {
                    "color": "rgba(0, 0, 0, .9)",
                    "fontSize": 17,
                    "fontWeight": "600",
                    "marginHorizontal": 16,
                    "textAlign": "center",
                  },
                  Array [
                    null,
                    undefined,
                  ],
                ]
              }
            >
              Login
            </Text>
          </View>
        </View>
      </View>
    </View>
  </View>
</View>
`;
